<html>
<body>
<pre>
<h1>µVision Build Log</h1>
<h2>Project:</h2>
D:\EmbeddedSoftwareLab\EmbeddedSoftware\Lab6\lab6.uvproj
Project File Date:  02/16/2019

<h2>Output:</h2>
Rebuild target 'Target 1'
assembling startup_stm32f30x.s...
compiling main.c...
compiling system_stm32f30x.c...
compiling cli.c...
compiling stm32f3_Button.c...
compiling stm32f3_Exec.c...
compiling stm32f3_GeneralTimer2.c...
compiling stm32f3_LEDS.c...
compiling stm32f3_Tools.c...
compiling stm32f3_UART.c...
compiling stm32f3_Flash.c...
linking...
Program Size: Code=5132 RO-data=424 RW-data=36 ZI-data=4548  
".\lab6.axf" - 0 Error(s), 0 Warning(s).
Load "D:\\EmbeddedSoftwareLab\\EmbeddedSoftware\\Lab6\\lab6.axf" 
Erase Done.
Programming Done.
Verify OK.
Clean started: Project: 'lab6'
   deleting intermediate output files for target 'Target 1'
</pre>
</body>
</html>
-data=36 ZI-data=4548  
".\lab6.axf" - 0 Error(s), 2 Warning(s).
Load "D:\\EmbeddedSoftwareLab\\EmbeddedSoftware\\Lab6\\lab6.axf" 
Erase Done.
Programming Done.
Verify OK.
arning(s).
Target not created
Load "D:\\EmbeddedSoftwareLab\\EmbeddedSoftware\\Lab6\\lab6.axf" 
_____^
*** error 56: cannot open file
Error: Flash Download failed  -  Could not load file 'D:\EmbeddedSoftwareLab\EmbeddedSoftware\Lab6\lab6.axf'
